<html>
<body>
<pre>
<h1>礦ision Build Log</h1>
<h2>Tool Versions:</h2>
IDE-Version: μVision V5.22.0.0
Copyright (C) 2016 ARM Ltd and ARM Germany GmbH. All rights reserved.
License Information: rain admin, sunny, LIC=MPPLD-8IHQL-01AP1-CND6A-UUXXR-UR4X2
 
Tool Versions:
Toolchain:       MDK-ARM Plus  Version: 5.22
Toolchain Path:  C:\Keil_v5\ARM\ARMCC\Bin
C Compiler:      Armcc.exe V5.06 update 4 (build 422)
Assembler:       Armasm.exe V5.06 update 4 (build 422)
Linker/Locator:  ArmLink.exe V5.06 update 4 (build 422)
Library Manager: ArmAr.exe V5.06 update 4 (build 422)
Hex Converter:   FromElf.exe V5.06 update 4 (build 422)
CPU DLL:         SARMCM3.DLL V5.22
Dialog DLL:      DARMCM1.DLL V1.15.0.0
Target DLL:      Segger\JL2CM3.dll V2.99.23.0
Dialog DLL:      TARMCM1.DLL V1.11.0.0
 
<h2>Project:</h2>
C:\Users\admin\Desktop\ALL_SOURCE\ENS001不同型号资料\ENS1QFN96L1010A\ENS001客户资料-全功能QFN10x10\5、例程\1、例程\5、ENS_iftsine_TEST\test.uvprojx
Project File Date:  12/15/2022

<h2>Output:</h2>
*** Using Compiler 'V5.06 update 4 (build 422)', folder: 'C:\Keil_v5\ARM\ARMCC\Bin'
Build target 'GC1_Test'
assembling startup_CMSDK_CM0.s...
compiling retarget.c...
compiling main.c...
compiling system_CMSDK_CM0.c...
compiling uart_stdout.c...
compiling CMSDK_driver.c...
linking...
Program Size: Code=704 RO-data=224 RW-data=276 ZI-data=516  
FromELF: creating hex file...
After Build - User command #2: C:\Keil_v5\\ARM\ARMCC\bin\fromelf.exe --bin --output=Bin\test.bin .\Objects\test.axf
".\Objects\test.axf" - 0 Error(s), 0 Warning(s).

<h2>Software Packages used:</h2>

Package Vendor: ARM
                http://www.keil.com/pack/ARM.CMSIS.5.0.0.pack
                ARM::CMSIS:CORE:5.0.0
                CMSIS (Cortex Microcontroller Software Interface Standard)
   * Component: CORE Version: 5.0.0

<h2>Collection of Component include folders:</h2>
  C:\Users\admin\Desktop\ALL_SOURCE\ENS001不同型号资料\ENS1QFN96L1010A\ENS001客户资料-全功能QFN10x10\5、例程\1、例程\5、ENS_iftsine_TEST\RTE\_GC1_Test
  C:\Keil_v5\ARM\PACK\ARM\CMSIS\5.0.0\CMSIS\Include
  C:\Keil_v5\ARM\PACK\ARM\CMSIS\5.0.0\Device\ARM\ARMCM0\Include

<h2>Collection of Component Files used:</h2>

   * Component: ARM::CMSIS:CORE:5.0.0
Build Time Elapsed:  00:00:01
</pre>
</body>
</html>
