Component: ARM Compiler 5.06 update 1 (build 61) Tool: armlink [4d35a8]

==============================================================================

Section Cross References

    main.o(i.UART1_Handler) refers to main.o(i.NVIC_ClearPendingIRQ) for NVIC_ClearPendingIRQ
    main.o(i.main) refers to boost_select.o(i.boost_voltage_select_45V) for boost_voltage_select_45V
    main.o(i.main) refers to uart_stdout.o(i.UartStdOutInit) for UartStdOutInit
    main.o(i.main) refers to main.o(i.NVIC_ClearPendingIRQ) for NVIC_ClearPendingIRQ
    main.o(i.main) refers to puts.o(i.puts) for puts
    main.o(i.main) refers to main.o(i.wavegen_driverA_ift_sine_test) for wavegen_driverA_ift_sine_test
    main.o(i.main) refers to uart_stdout.o(i.UartEndSimulation) for UartEndSimulation
    main.o(i.main) refers to main.o(.data) for count
    main.o(i.wavegen_driverA_ift_sine_test) refers to puts.o(i.puts) for puts
    main.o(i.wavegen_driverA_ift_sine_test) refers to main.o(.data) for sine_data
    startup_cmsdk_cm0.o(RESET) refers to startup_cmsdk_cm0.o(STACK) for __initial_sp
    startup_cmsdk_cm0.o(RESET) refers to startup_cmsdk_cm0.o(.text) for Reset_Handler
    startup_cmsdk_cm0.o(RESET) refers to main.o(i.UART1_Handler) for UART1_Handler
    startup_cmsdk_cm0.o(.text) refers to system_cmsdk_cm0.o(i.SystemInit) for SystemInit
    startup_cmsdk_cm0.o(.text) refers to entry.o(.ARM.Collect$$$$00000000) for __main
    cmsdk_driver.o(i.CMSDK_dualtimer_setup_freerunning) refers to cmsdk_driver.o(i.CMSDK_dualtimer_irq_clear) for CMSDK_dualtimer_irq_clear
    cmsdk_driver.o(i.CMSDK_dualtimer_setup_oneshot) refers to cmsdk_driver.o(i.CMSDK_dualtimer_irq_clear) for CMSDK_dualtimer_irq_clear
    cmsdk_driver.o(i.CMSDK_dualtimer_setup_periodic) refers to cmsdk_driver.o(i.CMSDK_dualtimer_irq_clear) for CMSDK_dualtimer_irq_clear
    system_cmsdk_cm0.o(i.SystemCoreClockUpdate) refers to system_cmsdk_cm0.o(.data) for SystemCoreClock
    system_cmsdk_cm0.o(i.SystemInit) refers to system_cmsdk_cm0.o(.data) for SystemCoreClock
    uart_stdout.o(i.UartEndSimulation) refers to uart_stdout.o(i.UartPutc) for UartPutc
    retarget.o(i._ttywrch) refers to uart_stdout.o(i.UartPutc) for UartPutc
    retarget.o(i.fputc) refers to uart_stdout.o(i.UartPutc) for UartPutc
    entry.o(.ARM.Collect$$$$00000000) refers (Special) to entry10a.o(.ARM.Collect$$$$0000000D) for __rt_final_cpp
    entry.o(.ARM.Collect$$$$00000000) refers (Special) to entry11a.o(.ARM.Collect$$$$0000000F) for __rt_final_exit
    entry.o(.ARM.Collect$$$$00000000) refers (Special) to entry7b.o(.ARM.Collect$$$$00000008) for _main_clock
    entry.o(.ARM.Collect$$$$00000000) refers (Special) to entry8b.o(.ARM.Collect$$$$0000000A) for _main_cpp_init
    entry.o(.ARM.Collect$$$$00000000) refers (Special) to entry9a.o(.ARM.Collect$$$$0000000B) for _main_init
    entry.o(.ARM.Collect$$$$00000000) refers (Special) to entry5.o(.ARM.Collect$$$$00000004) for _main_scatterload
    entry.o(.ARM.Collect$$$$00000000) refers (Special) to entry2.o(.ARM.Collect$$$$00000001) for _main_stk
    puts.o(i.puts) refers to retarget.o(i.fputc) for fputc
    puts.o(i.puts) refers to retarget.o(.data) for __stdout
    puts_e.o(.text) refers to retarget.o(i.fputc) for fputc
    puts_e.o(.text) refers to retarget.o(.data) for __stdout
    entry2.o(.ARM.Collect$$$$00000001) refers to entry2.o(.ARM.Collect$$$$00002712) for __lit__00000000
    entry2.o(.ARM.Collect$$$$00002712) refers to startup_cmsdk_cm0.o(STACK) for __initial_sp
    entry2.o(__vectab_stack_and_reset_area) refers to startup_cmsdk_cm0.o(STACK) for __initial_sp
    entry2.o(__vectab_stack_and_reset_area) refers to entry.o(.ARM.Collect$$$$00000000) for __main
    entry5.o(.ARM.Collect$$$$00000004) refers to init.o(.text) for __scatterload
    entry9a.o(.ARM.Collect$$$$0000000B) refers to main.o(i.main) for main
    entry9b.o(.ARM.Collect$$$$0000000C) refers to main.o(i.main) for main
    init.o(.text) refers to entry5.o(.ARM.Collect$$$$00000004) for __main_after_scatterload


==============================================================================

Removing Unused input sections from the image.

    Removing main.o(.rev16_text), (4 bytes).
    Removing main.o(.revsh_text), (4 bytes).
    Removing boost_select.o(.rev16_text), (4 bytes).
    Removing boost_select.o(.revsh_text), (4 bytes).
    Removing boost_select.o(i.boost_voltage_select_11V), (20 bytes).
    Removing boost_select.o(i.boost_voltage_select_15V), (20 bytes).
    Removing boost_select.o(i.boost_voltage_select_26V), (20 bytes).
    Removing boost_select.o(i.boost_voltage_select_55V), (20 bytes).
    Removing startup_cmsdk_cm0.o(HEAP), (256 bytes).
    Removing cmsdk_driver.o(.rev16_text), (4 bytes).
    Removing cmsdk_driver.o(.revsh_text), (4 bytes).
    Removing cmsdk_driver.o(i.CMSDK_ADC_DISABLE_ADC_EN_BIT), (20 bytes).
    Removing cmsdk_driver.o(i.CMSDK_ADC_INT_EN), (24 bytes).
    Removing cmsdk_driver.o(i.CMSDK_ADC_SetADC_EN_AND_STARTBIT), (32 bytes).
    Removing cmsdk_driver.o(i.CMSDK_ADC_SetCONT_CONV_MODE_EN), (20 bytes).
    Removing cmsdk_driver.o(i.CMSDK_ADC_Set_OVERRUN_MODE_EN), (24 bytes).
    Removing cmsdk_driver.o(i.CMSDK_ADC_Set_WAIT_MODE_EN), (24 bytes).
    Removing cmsdk_driver.o(i.CMSDK_RTC_Config_Alarm), (116 bytes).
    Removing cmsdk_driver.o(i.CMSDK_RTC_Config_PeriodWake), (108 bytes).
    Removing cmsdk_driver.o(i.CMSDK_RTC_Init_Calender), (108 bytes).
    Removing cmsdk_driver.o(i.CMSDK_SETADC_CONVINC_EOC), (20 bytes).
    Removing cmsdk_driver.o(i.CMSDK_SETADC_CONV_MODE_EN), (20 bytes).
    Removing cmsdk_driver.o(i.CMSDK_SET_ADCCLK_DIV_VAL), (20 bytes).
    Removing cmsdk_driver.o(i.CMSDK_SET_ADCSAMP_TIME), (20 bytes).
    Removing cmsdk_driver.o(i.CMSDK_SET_ADC_CHANNEL_SEL), (20 bytes).
    Removing cmsdk_driver.o(i.CMSDK_SPI_CTRL1_config), (144 bytes).
    Removing cmsdk_driver.o(i.CMSDK_SPI_CTRL2_config), (80 bytes).
    Removing cmsdk_driver.o(i.CMSDK_SPI_FCR_config), (46 bytes).
    Removing cmsdk_driver.o(i.CMSDK_SYSCON_DisableLSI_EN), (12 bytes).
    Removing cmsdk_driver.o(i.CMSDK_SYSCON_SetHCLK_DIV), (24 bytes).
    Removing cmsdk_driver.o(i.CMSDK_SYSCON_SetHSI_CTRL), (24 bytes).
    Removing cmsdk_driver.o(i.CMSDK_SYSCON_SetHSI_EN), (20 bytes).
    Removing cmsdk_driver.o(i.CMSDK_SYSCON_SetLFCLK_SEL), (24 bytes).
    Removing cmsdk_driver.o(i.CMSDK_SYSCON_SetLSE_EN), (20 bytes).
    Removing cmsdk_driver.o(i.CMSDK_SYSCON_SetMCO_SEL), (24 bytes).
    Removing cmsdk_driver.o(i.CMSDK_SYSCON_SetPCLK_DIV), (24 bytes).
    Removing cmsdk_driver.o(i.CMSDK_SYSCON_SetSYSCLK_SEL), (20 bytes).
    Removing cmsdk_driver.o(i.CMSDK_dualtimer_irq_clear), (6 bytes).
    Removing cmsdk_driver.o(i.CMSDK_dualtimer_setup_freerunning), (44 bytes).
    Removing cmsdk_driver.o(i.CMSDK_dualtimer_setup_oneshot), (44 bytes).
    Removing cmsdk_driver.o(i.CMSDK_dualtimer_setup_periodic), (48 bytes).
    Removing cmsdk_driver.o(i.CMSDK_dualtimer_start), (10 bytes).
    Removing cmsdk_driver.o(i.CMSDK_dualtimer_stop), (10 bytes).
    Removing cmsdk_driver.o(i.CMSDK_timer_ClearIRQ), (6 bytes).
    Removing cmsdk_driver.o(i.CMSDK_timer_DisableIRQ), (10 bytes).
    Removing cmsdk_driver.o(i.CMSDK_timer_EnableIRQ), (10 bytes).
    Removing cmsdk_driver.o(i.CMSDK_timer_GetReload), (6 bytes).
    Removing cmsdk_driver.o(i.CMSDK_timer_GetValue), (6 bytes).
    Removing cmsdk_driver.o(i.CMSDK_timer_Init), (26 bytes).
    Removing cmsdk_driver.o(i.CMSDK_timer_Init_ExtClock), (24 bytes).
    Removing cmsdk_driver.o(i.CMSDK_timer_Init_ExtEnable), (24 bytes).
    Removing cmsdk_driver.o(i.CMSDK_timer_SetReload), (4 bytes).
    Removing cmsdk_driver.o(i.CMSDK_timer_SetValue), (4 bytes).
    Removing cmsdk_driver.o(i.CMSDK_timer_StartTimer), (10 bytes).
    Removing cmsdk_driver.o(i.CMSDK_timer_StatusIRQ), (6 bytes).
    Removing cmsdk_driver.o(i.CMSDK_timer_StopTimer), (10 bytes).
    Removing cmsdk_driver.o(i.CMSDK_uart_SendChar), (16 bytes).
    Removing cmsdk_driver.o(i.CMSDK_uart_init), (78 bytes).
    Removing system_cmsdk_cm0.o(.rev16_text), (4 bytes).
    Removing system_cmsdk_cm0.o(.revsh_text), (4 bytes).
    Removing system_cmsdk_cm0.o(i.SystemCoreClockUpdate), (16 bytes).
    Removing uart_stdout.o(.rev16_text), (4 bytes).
    Removing uart_stdout.o(.revsh_text), (4 bytes).
    Removing retarget.o(i._sys_exit), (4 bytes).
    Removing retarget.o(i._ttywrch), (12 bytes).
    Removing retarget.o(i.ferror), (8 bytes).

66 unused section(s) (total 1856 bytes) removed from the image.

==============================================================================

Image Symbol Table

    Local Symbols

    Symbol Name                              Value     Ov Type        Size  Object(Section)

    ../clib/microlib/init/entry.s            0x00000000   Number         0  entry9a.o ABSOLUTE
    ../clib/microlib/init/entry.s            0x00000000   Number         0  entry8b.o ABSOLUTE
    ../clib/microlib/init/entry.s            0x00000000   Number         0  entry8a.o ABSOLUTE
    ../clib/microlib/init/entry.s            0x00000000   Number         0  entry2.o ABSOLUTE
    ../clib/microlib/init/entry.s            0x00000000   Number         0  entry7b.o ABSOLUTE
    ../clib/microlib/init/entry.s            0x00000000   Number         0  entry7a.o ABSOLUTE
    ../clib/microlib/init/entry.s            0x00000000   Number         0  entry5.o ABSOLUTE
    ../clib/microlib/init/entry.s            0x00000000   Number         0  entry.o ABSOLUTE
    ../clib/microlib/init/entry.s            0x00000000   Number         0  entry9b.o ABSOLUTE
    ../clib/microlib/init/entry.s            0x00000000   Number         0  entry10a.o ABSOLUTE
    ../clib/microlib/init/entry.s            0x00000000   Number         0  entry10b.o ABSOLUTE
    ../clib/microlib/init/entry.s            0x00000000   Number         0  entry11a.o ABSOLUTE
    ../clib/microlib/init/entry.s            0x00000000   Number         0  entry11b.o ABSOLUTE
    ../clib/microlib/stdio/puts.c            0x00000000   Number         0  puts_e.o ABSOLUTE
    ../clib/microlib/stdio/puts.c            0x00000000   Number         0  puts.o ABSOLUTE
    ../clib/microlib/stubs.s                 0x00000000   Number         0  useno.o ABSOLUTE
    common\\cmsis\\Device\\ARM\\CMSDK_CM0\\Source\\CMSDK_driver.c 0x00000000   Number         0  cmsdk_driver.o ABSOLUTE
    common\\cmsis\\Device\\ARM\\CMSDK_CM0\\Source\\system_CMSDK_CM0.c 0x00000000   Number         0  system_cmsdk_cm0.o ABSOLUTE
    common\\retarget\\uart_stdout.c          0x00000000   Number         0  uart_stdout.o ABSOLUTE
    common\cmsis\Device\ARM\CMSDK_CM0\Source\ARM\startup_CMSDK_CM0.s 0x00000000   Number         0  startup_cmsdk_cm0.o ABSOLUTE
    common\cmsis\Device\ARM\CMSDK_CM0\Source\CMSDK_driver.c 0x00000000   Number         0  cmsdk_driver.o ABSOLUTE
    common\cmsis\Device\ARM\CMSDK_CM0\Source\system_CMSDK_CM0.c 0x00000000   Number         0  system_cmsdk_cm0.o ABSOLUTE
    common\retarget\retarget.c               0x00000000   Number         0  retarget.o ABSOLUTE
    common\retarget\uart_stdout.c            0x00000000   Number         0  uart_stdout.o ABSOLUTE
    dc.s                                     0x00000000   Number         0  dc.o ABSOLUTE
    handlers.s                               0x00000000   Number         0  handlers.o ABSOLUTE
    init.s                                   0x00000000   Number         0  init.o ABSOLUTE
    source\\boost_select.c                   0x00000000   Number         0  boost_select.o ABSOLUTE
    source\\main.c                           0x00000000   Number         0  main.o ABSOLUTE
    source\boost_select.c                    0x00000000   Number         0  boost_select.o ABSOLUTE
    source\main.c                            0x00000000   Number         0  main.o ABSOLUTE
    RESET                                    0x10000000   Section      192  startup_cmsdk_cm0.o(RESET)
    .ARM.Collect$$$$00000000                 0x100000c0   Section        0  entry.o(.ARM.Collect$$$$00000000)
    .ARM.Collect$$$$00000001                 0x100000c0   Section        4  entry2.o(.ARM.Collect$$$$00000001)
    .ARM.Collect$$$$00000004                 0x100000c4   Section        4  entry5.o(.ARM.Collect$$$$00000004)
    .ARM.Collect$$$$00000008                 0x100000c8   Section        0  entry7b.o(.ARM.Collect$$$$00000008)
    .ARM.Collect$$$$0000000A                 0x100000c8   Section        0  entry8b.o(.ARM.Collect$$$$0000000A)
    .ARM.Collect$$$$0000000B                 0x100000c8   Section        8  entry9a.o(.ARM.Collect$$$$0000000B)
    .ARM.Collect$$$$0000000D                 0x100000d0   Section        0  entry10a.o(.ARM.Collect$$$$0000000D)
    .ARM.Collect$$$$0000000F                 0x100000d0   Section        0  entry11a.o(.ARM.Collect$$$$0000000F)
    .ARM.Collect$$$$00002712                 0x100000d0   Section        4  entry2.o(.ARM.Collect$$$$00002712)
    __lit__00000000                          0x100000d0   Data           4  entry2.o(.ARM.Collect$$$$00002712)
    .text                                    0x100000d4   Section       28  startup_cmsdk_cm0.o(.text)
    .text                                    0x100000f0   Section       36  init.o(.text)
    i.NVIC_ClearPendingIRQ                   0x10000114   Section        0  main.o(i.NVIC_ClearPendingIRQ)
    NVIC_ClearPendingIRQ                     0x10000115   Thumb Code    14  main.o(i.NVIC_ClearPendingIRQ)
    i.SystemInit                             0x10000128   Section        0  system_cmsdk_cm0.o(i.SystemInit)
    i.UART1_Handler                          0x10000138   Section        0  main.o(i.UART1_Handler)
    i.UartEndSimulation                      0x1000019c   Section        0  uart_stdout.o(i.UartEndSimulation)
    i.UartPutc                               0x100001a8   Section        0  uart_stdout.o(i.UartPutc)
    i.UartStdOutInit                         0x100001c0   Section        0  uart_stdout.o(i.UartStdOutInit)
    i.__scatterload_copy                     0x100001d8   Section       14  handlers.o(i.__scatterload_copy)
    i.__scatterload_null                     0x100001e6   Section        2  handlers.o(i.__scatterload_null)
    i.__scatterload_zeroinit                 0x100001e8   Section       14  handlers.o(i.__scatterload_zeroinit)
    i.boost_voltage_select_45V               0x100001f8   Section        0  boost_select.o(i.boost_voltage_select_45V)
    i.fputc                                  0x1000020c   Section        0  retarget.o(i.fputc)
    i.main                                   0x1000021c   Section        0  main.o(i.main)
    i.puts                                   0x10000378   Section        0  puts.o(i.puts)
    i.wavegen_driverA_ift_sine_test          0x10000398   Section        0  main.o(i.wavegen_driverA_ift_sine_test)
    .data                                    0x20000000   Section      260  main.o(.data)
    .data                                    0x20000104   Section        8  system_cmsdk_cm0.o(.data)
    .data                                    0x2000010c   Section        8  retarget.o(.data)
    STACK                                    0x20000118   Section      512  startup_cmsdk_cm0.o(STACK)

    Global Symbols

    Symbol Name                              Value     Ov Type        Size  Object(Section)

    BuildAttributes$$THM_ISAv3M$S$PE$A:L22$X:L11$S22$IEEE1$IW$USESV6$~STKCKD$USESV7$~SHL$OSPACE$EBA8$MICROLIB$REQ8$PRES8$EABIv2 0x00000000   Number         0  anon$$obj.o ABSOLUTE
    __ARM_use_no_argv                        0x00000000   Number         0  main.o ABSOLUTE
    __use_no_errno                           0x00000000   Number         0  useno.o ABSOLUTE
    __use_no_exception_handling              0x00000000   Number         0  useno.o ABSOLUTE
    __use_no_fp                              0x00000000   Number         0  useno.o ABSOLUTE
    __use_no_heap                            0x00000000   Number         0  useno.o ABSOLUTE
    __use_no_heap_region                     0x00000000   Number         0  useno.o ABSOLUTE
    __use_no_semihosting                     0x00000000   Number         0  useno.o ABSOLUTE
    __use_no_semihosting_swi                 0x00000000   Number         0  useno.o ABSOLUTE
    __use_no_signal_handling                 0x00000000   Number         0  useno.o ABSOLUTE
    __cpp_initialize__aeabi_                  - Undefined Weak Reference
    __cxa_finalize                            - Undefined Weak Reference
    __decompress                              - Undefined Weak Reference
    _clock_init                               - Undefined Weak Reference
    _microlib_exit                            - Undefined Weak Reference
    __Vectors_Size                           0x000000c0   Number         0  startup_cmsdk_cm0.o ABSOLUTE
    __Vectors                                0x10000000   Data           4  startup_cmsdk_cm0.o(RESET)
    __Vectors_End                            0x100000c0   Data           0  startup_cmsdk_cm0.o(RESET)
    __main                                   0x100000c1   Thumb Code     0  entry.o(.ARM.Collect$$$$00000000)
    _main_stk                                0x100000c1   Thumb Code     0  entry2.o(.ARM.Collect$$$$00000001)
    _main_scatterload                        0x100000c5   Thumb Code     0  entry5.o(.ARM.Collect$$$$00000004)
    __main_after_scatterload                 0x100000c9   Thumb Code     0  entry5.o(.ARM.Collect$$$$00000004)
    _main_clock                              0x100000c9   Thumb Code     0  entry7b.o(.ARM.Collect$$$$00000008)
    _main_cpp_init                           0x100000c9   Thumb Code     0  entry8b.o(.ARM.Collect$$$$0000000A)
    _main_init                               0x100000c9   Thumb Code     0  entry9a.o(.ARM.Collect$$$$0000000B)
    __rt_final_cpp                           0x100000d1   Thumb Code     0  entry10a.o(.ARM.Collect$$$$0000000D)
    __rt_final_exit                          0x100000d1   Thumb Code     0  entry11a.o(.ARM.Collect$$$$0000000F)
    Reset_Handler                            0x100000d5   Thumb Code     8  startup_cmsdk_cm0.o(.text)
    NMI_Handler                              0x100000dd   Thumb Code     2  startup_cmsdk_cm0.o(.text)
    HardFault_Handler                        0x100000df   Thumb Code     2  startup_cmsdk_cm0.o(.text)
    SVC_Handler                              0x100000e1   Thumb Code     2  startup_cmsdk_cm0.o(.text)
    PendSV_Handler                           0x100000e3   Thumb Code     2  startup_cmsdk_cm0.o(.text)
    SysTick_Handler                          0x100000e5   Thumb Code     2  startup_cmsdk_cm0.o(.text)
    ADC_Handler                              0x100000e7   Thumb Code     0  startup_cmsdk_cm0.o(.text)
    CHARGER_END_Handler                      0x100000e7   Thumb Code     0  startup_cmsdk_cm0.o(.text)
    CHARGER_OK_Handler                       0x100000e7   Thumb Code     0  startup_cmsdk_cm0.o(.text)
    COMP0_Handler                            0x100000e7   Thumb Code     0  startup_cmsdk_cm0.o(.text)
    COMP1_Handler                            0x100000e7   Thumb Code     0  startup_cmsdk_cm0.o(.text)
    DUALTIMER_Handler                        0x100000e7   Thumb Code     0  startup_cmsdk_cm0.o(.text)
    GPIO0_7_Handler                          0x100000e7   Thumb Code     0  startup_cmsdk_cm0.o(.text)
    GPIO16_23_Handler                        0x100000e7   Thumb Code     0  startup_cmsdk_cm0.o(.text)
    GPIO8_15_Handler                         0x100000e7   Thumb Code     0  startup_cmsdk_cm0.o(.text)
    I2C0_Error_Handler                       0x100000e7   Thumb Code     0  startup_cmsdk_cm0.o(.text)
    I2C0_Event_Handler                       0x100000e7   Thumb Code     0  startup_cmsdk_cm0.o(.text)
    I2C1_Error_Handler                       0x100000e7   Thumb Code     0  startup_cmsdk_cm0.o(.text)
    I2C1_Event_Handler                       0x100000e7   Thumb Code     0  startup_cmsdk_cm0.o(.text)
    LCD_Handler                              0x100000e7   Thumb Code     0  startup_cmsdk_cm0.o(.text)
    LVD_Handler                              0x100000e7   Thumb Code     0  startup_cmsdk_cm0.o(.text)
    MTP_Handler                              0x100000e7   Thumb Code     0  startup_cmsdk_cm0.o(.text)
    OVER_TEMP_Handler                        0x100000e7   Thumb Code     0  startup_cmsdk_cm0.o(.text)
    PWM_Handler                              0x100000e7   Thumb Code     0  startup_cmsdk_cm0.o(.text)
    RTC_Handler                              0x100000e7   Thumb Code     0  startup_cmsdk_cm0.o(.text)
    SPI0_Handler                             0x100000e7   Thumb Code     0  startup_cmsdk_cm0.o(.text)
    SPI1_Handler                             0x100000e7   Thumb Code     0  startup_cmsdk_cm0.o(.text)
    TIMER0_Handler                           0x100000e7   Thumb Code     0  startup_cmsdk_cm0.o(.text)
    TIMER1_Handler                           0x100000e7   Thumb Code     0  startup_cmsdk_cm0.o(.text)
    UART0_Handler                            0x100000e7   Thumb Code     0  startup_cmsdk_cm0.o(.text)
    WG_DRV_Handler                           0x100000e7   Thumb Code     0  startup_cmsdk_cm0.o(.text)
    __scatterload                            0x100000f1   Thumb Code    28  init.o(.text)
    __scatterload_rt2                        0x100000f1   Thumb Code     0  init.o(.text)
    SystemInit                               0x10000129   Thumb Code     8  system_cmsdk_cm0.o(i.SystemInit)
    UART1_Handler                            0x10000139   Thumb Code    94  main.o(i.UART1_Handler)
    UartEndSimulation                        0x1000019d   Thumb Code    10  uart_stdout.o(i.UartEndSimulation)
    UartPutc                                 0x100001a9   Thumb Code    20  uart_stdout.o(i.UartPutc)
    UartStdOutInit                           0x100001c1   Thumb Code    14  uart_stdout.o(i.UartStdOutInit)
    __scatterload_copy                       0x100001d9   Thumb Code    14  handlers.o(i.__scatterload_copy)
    __scatterload_null                       0x100001e7   Thumb Code     2  handlers.o(i.__scatterload_null)
    __scatterload_zeroinit                   0x100001e9   Thumb Code    14  handlers.o(i.__scatterload_zeroinit)
    boost_voltage_select_45V                 0x100001f9   Thumb Code    12  boost_select.o(i.boost_voltage_select_45V)
    fputc                                    0x1000020d   Thumb Code    14  retarget.o(i.fputc)
    main                                     0x1000021d   Thumb Code   196  main.o(i.main)
    puts                                     0x10000379   Thumb Code    28  puts.o(i.puts)
    wavegen_driverA_ift_sine_test            0x10000399   Thumb Code   118  main.o(i.wavegen_driverA_ift_sine_test)
    Region$$Table$$Base                      0x10000458   Number         0  anon$$obj.o(Region$$Table)
    Region$$Table$$Limit                     0x10000478   Number         0  anon$$obj.o(Region$$Table)
    sine_data                                0x20000000   Data         256  main.o(.data)
    count                                    0x20000100   Data           4  main.o(.data)
    SystemFrequency                          0x20000104   Data           4  system_cmsdk_cm0.o(.data)
    SystemCoreClock                          0x20000108   Data           4  system_cmsdk_cm0.o(.data)
    __stdout                                 0x2000010c   Data           4  retarget.o(.data)
    __stdin                                  0x20000110   Data           4  retarget.o(.data)
    __initial_sp                             0x20000318   Data           0  startup_cmsdk_cm0.o(STACK)



==============================================================================

Memory Map of the image

  Image Entry point : 0x100000c1

  Load Region LR_IROM1 (Base: 0x10000000, Size: 0x0000058c, Max: 0x00008000, ABSOLUTE)

    Execution Region ER_IROM1 (Base: 0x10000000, Size: 0x00000478, Max: 0x00008000, ABSOLUTE)

    Base Addr    Size         Type   Attr      Idx    E Section Name        Object

    0x10000000   0x000000c0   Data   RO          120    RESET               startup_cmsdk_cm0.o
    0x100000c0   0x00000000   Code   RO          531  * .ARM.Collect$$$$00000000  mc_p.l(entry.o)
    0x100000c0   0x00000004   Code   RO          538    .ARM.Collect$$$$00000001  mc_p.l(entry2.o)
    0x100000c4   0x00000004   Code   RO          541    .ARM.Collect$$$$00000004  mc_p.l(entry5.o)
    0x100000c8   0x00000000   Code   RO          543    .ARM.Collect$$$$00000008  mc_p.l(entry7b.o)
    0x100000c8   0x00000000   Code   RO          545    .ARM.Collect$$$$0000000A  mc_p.l(entry8b.o)
    0x100000c8   0x00000008   Code   RO          546    .ARM.Collect$$$$0000000B  mc_p.l(entry9a.o)
    0x100000d0   0x00000000   Code   RO          548    .ARM.Collect$$$$0000000D  mc_p.l(entry10a.o)
    0x100000d0   0x00000000   Code   RO          550    .ARM.Collect$$$$0000000F  mc_p.l(entry11a.o)
    0x100000d0   0x00000004   Code   RO          539    .ARM.Collect$$$$00002712  mc_p.l(entry2.o)
    0x100000d4   0x0000001c   Code   RO          121    .text               startup_cmsdk_cm0.o
    0x100000f0   0x00000024   Code   RO          552    .text               mc_p.l(init.o)
    0x10000114   0x00000014   Code   RO            3    i.NVIC_ClearPendingIRQ  main.o
    0x10000128   0x00000010   Code   RO          424    i.SystemInit        system_cmsdk_cm0.o
    0x10000138   0x00000064   Code   RO            4    i.UART1_Handler     main.o
    0x1000019c   0x0000000a   Code   RO          455    i.UartEndSimulation  uart_stdout.o
    0x100001a6   0x00000002   PAD
    0x100001a8   0x00000018   Code   RO          456    i.UartPutc          uart_stdout.o
    0x100001c0   0x00000018   Code   RO          457    i.UartStdOutInit    uart_stdout.o
    0x100001d8   0x0000000e   Code   RO          556    i.__scatterload_copy  mc_p.l(handlers.o)
    0x100001e6   0x00000002   Code   RO          557    i.__scatterload_null  mc_p.l(handlers.o)
    0x100001e8   0x0000000e   Code   RO          558    i.__scatterload_zeroinit  mc_p.l(handlers.o)
    0x100001f6   0x00000002   PAD
    0x100001f8   0x00000014   Code   RO           76    i.boost_voltage_select_45V  boost_select.o
    0x1000020c   0x0000000e   Code   RO          488    i.fputc             retarget.o
    0x1000021a   0x00000002   PAD
    0x1000021c   0x0000015c   Code   RO            5    i.main              main.o
    0x10000378   0x00000020   Code   RO          534    i.puts              mc_p.l(puts.o)
    0x10000398   0x000000c0   Code   RO            6    i.wavegen_driverA_ift_sine_test  main.o
    0x10000458   0x00000020   Data   RO          554    Region$$Table       anon$$obj.o


    Execution Region RW_IRAM1 (Base: 0x20000000, Size: 0x00000318, Max: 0x00002000, ABSOLUTE)

    Base Addr    Size         Type   Attr      Idx    E Section Name        Object

    0x20000000   0x00000104   Data   RW            7    .data               main.o
    0x20000104   0x00000008   Data   RW          425    .data               system_cmsdk_cm0.o
    0x2000010c   0x00000008   Data   RW          489    .data               retarget.o
    0x20000114   0x00000004   PAD
    0x20000118   0x00000200   Zero   RW          118    STACK               startup_cmsdk_cm0.o


==============================================================================

Image component sizes


      Code (inc. data)   RO Data    RW Data    ZI Data      Debug   Object Name

        20          8          0          0          0        447   boost_select.o
       660        238          0        260          0      50757   main.o
        14          0          0          8          0       2382   retarget.o
        28          8        192          0        512        676   startup_cmsdk_cm0.o
        16          8          0          8          0        827   system_cmsdk_cm0.o
        58         14          0          0          0       1400   uart_stdout.o

    ----------------------------------------------------------------------
       800        276        224        276        516      56489   Object Totals
         0          0         32          0          0          0   (incl. Generated)
         4          0          0          0          4          0   (incl. Padding)

    ----------------------------------------------------------------------

      Code (inc. data)   RO Data    RW Data    ZI Data      Debug   Library Member Name

         0          0          0          0          0          0   entry.o
         0          0          0          0          0          0   entry10a.o
         0          0          0          0          0          0   entry11a.o
         8          4          0          0          0          0   entry2.o
         4          0          0          0          0          0   entry5.o
         0          0          0          0          0          0   entry7b.o
         0          0          0          0          0          0   entry8b.o
         8          4          0          0          0          0   entry9a.o
        30          0          0          0          0          0   handlers.o
        36          8          0          0          0         68   init.o
        32          4          0          0          0         68   puts.o

    ----------------------------------------------------------------------
       120         20          0          0          0        136   Library Totals
         2          0          0          0          0          0   (incl. Padding)

    ----------------------------------------------------------------------

      Code (inc. data)   RO Data    RW Data    ZI Data      Debug   Library Name

       118         20          0          0          0        136   mc_p.l

    ----------------------------------------------------------------------
       120         20          0          0          0        136   Library Totals

    ----------------------------------------------------------------------

==============================================================================


      Code (inc. data)   RO Data    RW Data    ZI Data      Debug   

       920        296        224        276        516      56425   Grand Totals
       920        296        224        276        516      56425   ELF Image Totals
       920        296        224        276          0          0   ROM Totals

==============================================================================

    Total RO  Size (Code + RO Data)                 1144 (   1.12kB)
    Total RW  Size (RW Data + ZI Data)               792 (   0.77kB)
    Total ROM Size (Code + RO Data + RW Data)       1420 (   1.39kB)

==============================================================================

